../Core/Src/OLED.c:21:6:OLED_I2C_Start	4	static
../Core/Src/OLED.c:29:6:OLED_I2C_Stop	4	static
../Core/Src/OLED.c:37:6:OLED_I2C_SendByte	24	static
../Core/Src/OLED.c:45:6:OLED_WriteCommand	32	static
../Core/Src/OLED.c:54:6:OLED_WriteData	32	static
../Core/Src/OLED.c:63:6:OLED_SetCursor	16	static
../Core/Src/OLED.c:73:6:OLED_Clear	16	static
../Core/Src/OLED.c:89:6:OLED_ShowChar	24	static
../Core/Src/OLED.c:107:6:OLED_ShowString	24	static
../Core/Src/OLED.c:119:10:OLED_Pow	24	static
../Core/Src/OLED.c:132:6:OLED_ShowNum	32	static
../Core/Src/OLED.c:144:6:OLED_ShowSignedNum	32	static
../Core/Src/OLED.c:167:6:OLED_ShowHexNum	24	static
../Core/Src/OLED.c:187:6:OLED_ShowBinNum	32	static
../Core/Src/OLED.c:199:6:OLED_Init	8	static
