../Core/Src/main.c:106:1:__io_putchar	16	static
../Core/Src/main.c:314:6:SystemClock_Config	72	static,ignoring_inline_asm
../Core/Src/main.c:496:6:HAL_GPIO_EXTI_Callback	16	static
../Core/Src/main.c:592:6:HAL_UART_RxCpltCallback	8	static
../Core/Src/main.c:858:6:UART_Send_Response	144	static
../Core/Src/main.c:681:6:UART_Process_ReadCommand	16	static
../Core/Src/main.c:700:6:UART_Process_WriteCommand	24	static
../Core/Src/main.c:740:6:UART_Process_FilterStatusCommand	24	static
../Core/Src/main.c:760:6:UART_Process_LevelCommand	16	static
../Core/Src/main.c:780:6:UART_Process_InputCommand	24	static
../Core/Src/main.c:800:6:UART_Process_FilterCommand	24	static
../Core/Src/main.c:820:6:UART_Process_StatusCommand	48	static
../Core/Src/main.c:836:6:UART_Send_Help	8	static
../Core/Src/main.c:871:9:calculate_bass_boost_coeff	32	static
../Core/Src/main.c:910:6:UART_Process_BassBoostCommand	32	static
../Core/Src/main.c:980:6:UART_Process_LowpassCommand	16	static
../Core/Src/main.c:1031:6:UART_Process_SafeVolume	8	static
../Core/Src/main.c:1044:9:calculate_simple_lowpass	24	static
../Core/Src/main.c:1062:6:setup_lowpass_filter	24	static
../Core/Src/main.c:1099:6:UART_Process_ResetFilter	8	static
../Core/Src/main.c:1118:6:UART_Process_DisableCustomFilter	8	static
../Core/Src/main.c:624:6:UART_Command_Process	8	static
../Core/Src/main.c:129:5:main	64	static,ignoring_inline_asm
../Core/Src/main.c:1130:6:Error_Handler	0	static,ignoring_inline_asm
